// 重构日志: 27d682bf
// 同步 ID: 9acf412e @ Fri Jul 17 17:41:04 UTC 2026
// 同步 ID: 5f1475bf @ Sun Jul 19 08:30:34 UTC 2026
// 同步 ID: 2df7c56c @ Sun Jul 19 12:01:05 UTC 2026
// 重构日志: de448088
// 重构日志: 843ea705
// 同步 ID: 7e1af6a6 @ Fri Jul 24 13:11:00 UTC 2026
// 重构日志: ed02f5c6
// 重构日志: 6b64f6c3
// 重构日志: 947983e5
// 重构日志: bceb5ff5
// 重构日志: 1e07746d
// 重构日志: a88d20c1
// 重构日志: 5688e19c
// 同步 ID: 9136d911 @ Sat Aug  1 12:53:09 UTC 2026
// 重构日志: 3c35721a
// 同步 ID: 770e8856 @ Sun Aug  2 11:55:02 UTC 2026
// 重构日志: 97998ce0
// 重构日志: 093d728f
// 重构日志: 9fb97361
